// Jest Snapshot v1, https://goo.gl/fbAQLP

exports[`renders 1`] = `
<div
  className="jumbotron"
>
  <h2
    className="display-6"
  >
    Securing React Apps with Auth0
  </h2>
  <h3
    className="display-7"
  >
    Cory House
  </h3>
  <p
    className="lead"
  >
    Course information.
  </p>
  <p
    className="lead"
  >
    <a
      className="btn btn-primary btn-lg"
      href="#"
      role="button"
    >
      Start Course
    </a>
  </p>
</div>
`;
